[0mCMake Deprecation Warning at CMakeLists.txt:1 (cmake_minimum_required):
  Compatibility with CMake < 3.10 will be removed from a future version of
  CMake.

  Update the VERSION argument <min> value.  Or, use the <min>...<max> syntax
  to tell CMake that the project requires at least <min> but has been updated
  to work with policies introduced by <max> or earlier.

[0m
-- The C compiler identification is GNU 11.4.0
-- The CXX compiler identification is GNU 11.4.0
-- Detecting C compiler ABI info
-- Detecting C compiler ABI info - done
-- Check for working C compiler: /usr/bin/cc - skipped
-- Detecting C compile features
-- Detecting C compile features - done
-- Detecting CXX compiler ABI info
-- Detecting CXX compiler ABI info - done
-- Check for working CXX compiler: /usr/bin/c++ - skipped
-- Detecting CXX compile features
-- Detecting CXX compile features - done
-- Found ament_cmake: 1.3.12 (/opt/ros/humble/share/ament_cmake/cmake)
-- Found Python3: /usr/bin/python3 (found version "3.10.12") found components: Interpreter
-- Found rclcpp: 16.0.15 (/opt/ros/humble/share/rclcpp/cmake)
-- Found rosidl_generator_c: 3.1.7 (/opt/ros/humble/share/rosidl_generator_c/cmake)
-- Found rosidl_adapter: 3.1.7 (/opt/ros/humble/share/rosidl_adapter/cmake)
-- Found rosidl_generator_cpp: 3.1.7 (/opt/ros/humble/share/rosidl_generator_cpp/cmake)
-- Using all available rosidl_typesupport_c: rosidl_typesupport_fastrtps_c;rosidl_typesupport_introspection_c
-- Using all available rosidl_typesupport_cpp: rosidl_typesupport_fastrtps_cpp;rosidl_typesupport_introspection_cpp
-- Found rmw_implementation_cmake: 6.1.2 (/opt/ros/humble/share/rmw_implementation_cmake/cmake)
-- Found rmw_fastrtps_cpp: 6.2.8 (/opt/ros/humble/share/rmw_fastrtps_cpp/cmake)
-- Found OpenSSL: /usr/lib/x86_64-linux-gnu/libcrypto.so (found version "3.0.2")
-- Found FastRTPS: /opt/ros/humble/include
-- Using RMW implementation 'rmw_fastrtps_cpp' as default
-- Performing Test CMAKE_HAVE_LIBC_PTHREAD
-- Performing Test CMAKE_HAVE_LIBC_PTHREAD - Success
-- Found Threads: TRUE
-- Found sensor_msgs: 4.9.0 (/opt/ros/humble/share/sensor_msgs/cmake)
-- Found visualization_msgs: 4.9.0 (/opt/ros/humble/share/visualization_msgs/cmake)
-- Found pcl_conversions: 2.4.5 (/opt/ros/humble/share/pcl_conversions/cmake)
[33mCMake Warning (dev) at /usr/lib/x86_64-linux-gnu/cmake/pcl/PCLConfig.cmake:146 (find_package):
  Policy CMP0144 is not set: find_package uses upper-case <PACKAGENAME>_ROOT
  variables.  Run "cmake --help-policy CMP0144" for policy details.  Use the
  cmake_policy command to set the policy and suppress this warning.

  CMake variable EIGEN_ROOT is set to:

    /usr/include/eigen3

  For compatibility, find_package is ignoring the variable, but code in a
  .cmake module might still use it.
Call Stack (most recent call first):
  /usr/lib/x86_64-linux-gnu/cmake/pcl/PCLConfig.cmake:299 (find_eigen)
  /usr/lib/x86_64-linux-gnu/cmake/pcl/PCLConfig.cmake:543 (find_external_library)
  /opt/ros/humble/share/pcl_conversions/cmake/ament_cmake_export_dependencies-extras.cmake:21 (find_package)
  /opt/ros/humble/share/pcl_conversions/cmake/pcl_conversionsConfig.cmake:41 (include)
  CMakeLists.txt:17 (find_package)
This warning is for project developers.  Use -Wno-dev to suppress it.
[0m
-- Checking for module 'eigen3'
--   Found eigen3, version 3.4.0
-- Found Eigen: /usr/include/eigen3 (Required is at least version "3.1")
-- Eigen found (include: /usr/include/eigen3, version: 3.4.0)
[33mCMake Warning (dev) at /usr/lib/x86_64-linux-gnu/cmake/pcl/PCLConfig.cmake:128 (find_package):
  Policy CMP0167 is not set: The FindBoost module is removed.  Run "cmake
  --help-policy CMP0167" for policy details.  Use the cmake_policy command to
  set the policy and suppress this warning.

Call Stack (most recent call first):
  /usr/lib/x86_64-linux-gnu/cmake/pcl/PCLConfig.cmake:297 (find_boost)
  /usr/lib/x86_64-linux-gnu/cmake/pcl/PCLConfig.cmake:543 (find_external_library)
  /opt/ros/humble/share/pcl_conversions/cmake/ament_cmake_export_dependencies-extras.cmake:21 (find_package)
  /opt/ros/humble/share/pcl_conversions/cmake/pcl_conversionsConfig.cmake:41 (include)
  CMakeLists.txt:17 (find_package)
This warning is for project developers.  Use -Wno-dev to suppress it.
[0m
[33mCMake Warning (dev) at /usr/lib/x86_64-linux-gnu/cmake/pcl/Modules/FindFLANN.cmake:44 (find_package):
  Policy CMP0144 is not set: find_package uses upper-case <PACKAGENAME>_ROOT
  variables.  Run "cmake --help-policy CMP0144" for policy details.  Use the
  cmake_policy command to set the policy and suppress this warning.

  CMake variable FLANN_ROOT is set to:

    /usr

  For compatibility, find_package is ignoring the variable, but code in a
  .cmake module might still use it.
Call Stack (most recent call first):
  /usr/lib/x86_64-linux-gnu/cmake/pcl/PCLConfig.cmake:256 (find_package)
  /usr/lib/x86_64-linux-gnu/cmake/pcl/PCLConfig.cmake:301 (find_flann)
  /usr/lib/x86_64-linux-gnu/cmake/pcl/PCLConfig.cmake:543 (find_external_library)
  /opt/ros/humble/share/pcl_conversions/cmake/ament_cmake_export_dependencies-extras.cmake:21 (find_package)
  /opt/ros/humble/share/pcl_conversions/cmake/pcl_conversionsConfig.cmake:41 (include)
  CMakeLists.txt:17 (find_package)
This warning is for project developers.  Use -Wno-dev to suppress it.
[0m
-- Checking for module 'flann'
--   Found flann, version 1.9.1
-- Found FLANN: /usr/lib/x86_64-linux-gnu/libflann_cpp.so
-- FLANN found (include: /usr/include, lib: /usr/lib/x86_64-linux-gnu/libflann_cpp.so)
-- Checking for module 'libusb-1.0'
--   Found libusb-1.0, version 1.0.25
-- Found libusb: /usr/lib/x86_64-linux-gnu/libusb-1.0.so
-- OpenNI found (version: 1.5.4.0, include: /usr/include/ni, lib: /usr/lib/libOpenNI.so;libusb::libusb)
-- OpenNI2 found (version: 2.2.0.33, include: /usr/include/openni2, lib: /usr/lib/x86_64-linux-gnu/libOpenNI2.so;libusb::libusb)
[33mCMake Warning (dev) at /usr/lib/x86_64-linux-gnu/cmake/pcl/PCLConfig.cmake:128 (find_package):
  Policy CMP0167 is not set: The FindBoost module is removed.  Run "cmake
  --help-policy CMP0167" for policy details.  Use the cmake_policy command to
  set the policy and suppress this warning.

Call Stack (most recent call first):
  /usr/lib/x86_64-linux-gnu/cmake/pcl/PCLConfig.cmake:297 (find_boost)
  /usr/lib/x86_64-linux-gnu/cmake/pcl/PCLConfig.cmake:543 (find_external_library)
  /opt/ros/humble/share/pcl_conversions/cmake/ament_cmake_export_dependencies-extras.cmake:21 (find_package)
  /opt/ros/humble/share/pcl_conversions/cmake/pcl_conversionsConfig.cmake:41 (include)
  CMakeLists.txt:17 (find_package)
This warning is for project developers.  Use -Wno-dev to suppress it.
[0m
-- Eigen found (include: /usr/include/eigen3, version: 3.4.0)
-- OpenNI found (version: 1.5.4.0, include: /usr/include/ni, lib: /usr/lib/libOpenNI.so;libusb::libusb)
-- OpenNI2 found (version: 2.2.0.33, include: /usr/include/openni2, lib: /usr/lib/x86_64-linux-gnu/libOpenNI2.so;libusb::libusb)
-- Found Qhull version 8.0.2
-- OpenNI found (version: 1.5.4.0, include: /usr/include/ni, lib: /usr/lib/libOpenNI.so;libusb::libusb)
-- Found PCL_COMMON: /usr/lib/x86_64-linux-gnu/libpcl_common.so
-- Found PCL_KDTREE: /usr/lib/x86_64-linux-gnu/libpcl_kdtree.so
-- Found PCL_OCTREE: /usr/lib/x86_64-linux-gnu/libpcl_octree.so
-- Found PCL_SEARCH: /usr/lib/x86_64-linux-gnu/libpcl_search.so
-- Found PCL_SAMPLE_CONSENSUS: /usr/lib/x86_64-linux-gnu/libpcl_sample_consensus.so
-- Found PCL_FILTERS: /usr/lib/x86_64-linux-gnu/libpcl_filters.so
-- Found PCL_2D: /usr/include/pcl-1.12
-- Found PCL_GEOMETRY: /usr/include/pcl-1.12
-- Found PCL_IO: /usr/lib/x86_64-linux-gnu/libpcl_io.so
-- Found PCL_FEATURES: /usr/lib/x86_64-linux-gnu/libpcl_features.so
-- Found PCL_ML: /usr/lib/x86_64-linux-gnu/libpcl_ml.so
-- Found PCL_SEGMENTATION: /usr/lib/x86_64-linux-gnu/libpcl_segmentation.so
-- Found PCL_VISUALIZATION: /usr/lib/x86_64-linux-gnu/libpcl_visualization.so
-- Found PCL_SURFACE: /usr/lib/x86_64-linux-gnu/libpcl_surface.so
-- Found PCL_REGISTRATION: /usr/lib/x86_64-linux-gnu/libpcl_registration.so
-- Found PCL_KEYPOINTS: /usr/lib/x86_64-linux-gnu/libpcl_keypoints.so
-- Found PCL_TRACKING: /usr/lib/x86_64-linux-gnu/libpcl_tracking.so
-- Found PCL_RECOGNITION: /usr/lib/x86_64-linux-gnu/libpcl_recognition.so
-- Found PCL_STEREO: /usr/lib/x86_64-linux-gnu/libpcl_stereo.so
-- Found PCL_APPS: /usr/lib/x86_64-linux-gnu/libpcl_apps.so
-- Found PCL_IN_HAND_SCANNER: /usr/include/pcl-1.12
-- Found PCL_MODELER: /usr/include/pcl-1.12
-- Found PCL_POINT_CLOUD_EDITOR: /usr/include/pcl-1.12
-- Found PCL_OUTOFCORE: /usr/lib/x86_64-linux-gnu/libpcl_outofcore.so
-- Found PCL_PEOPLE: /usr/lib/x86_64-linux-gnu/libpcl_people.so
-- Found dv_msgs: 0.0.0 (/home/ishaan/IITBDV-msgs/install/dv_msgs/share/dv_msgs/cmake)
-- Found Open3D: /usr/lib/x86_64-linux-gnu/cmake/Open3D/Open3DConfig.cmake (found version "0.14.1")
[33mCMake Warning (dev) at CMakeLists.txt:23 (find_package):
  Policy CMP0074 is not set: find_package uses <PackageName>_ROOT variables.
  Run "cmake --help-policy CMP0074" for policy details.  Use the cmake_policy
  command to set the policy and suppress this warning.

  CMake variable PCL_ROOT is set to:

    /usr

  For compatibility, CMake is ignoring the variable.
This warning is for project developers.  Use -Wno-dev to suppress it.
[0m
-- Using ONNX Runtime from: /usr/local/onnxruntime-linux-x64-1.17.1
-- Configuring done (3.1s)
-- Generating done (0.0s)
-- Build files have been written to: /home/ishaan/Desktop/DebugFInal/build/perception_winter
[ 33%] [32mBuilding CXX object CMakeFiles/cone_visualizer_node.dir/src/main_1.cpp.o[0m
[ 33%] [32mBuilding CXX object CMakeFiles/cone_visualizer_node.dir/src/cone_seen_visual_node.cpp.o[0m
[ 50%] [32mBuilding CXX object CMakeFiles/process_lidar_node.dir/src/process_lidar.cpp.o[0m
[ 66%] [32mBuilding CXX object CMakeFiles/process_lidar_node.dir/src/main.cpp.o[0m
[01m[K/home/ishaan/Desktop/DebugFInal/src/perception_winter/src/process_lidar.cpp:[m[K In member function ‘[01m[Kvoid perception_winter::ClusterProcessor::detectConesInClusters(const std::vector<std::vector<std::array<double, 4> > >&, const std::vector<bool, std::allocator<bool> >&, std::vector<std::array<double, 3> >&, std::vector<int>&, perception_winter::ConeClassifier&, perception_winter::HeuristicClassifier&)[m[K’:
[01m[K/home/ishaan/Desktop/DebugFInal/src/perception_winter/src/process_lidar.cpp:497:13:[m[K [01;35m[Kwarning: [m[Kunused variable ‘[01m[Kheuristic_color[m[K’ [[01;35m[K]8;;https://gcc.gnu.org/onlinedocs/gcc/Warning-Options.html#index-Wunused-variable-Wunused-variable]8;;[m[K]
  497 |         int [01;35m[Kheuristic_color[m[K = heuristic_color_opt.value();
      |             [01;35m[K^~~~~~~~~~~~~~~[m[K
[ 83%] [1m[32mLinking CXX executable cone_visualizer_node[0m
[ 83%] [0mBuilt target cone_visualizer_node[0m
[100%] [1m[32mLinking CXX executable process_lidar_node[0m
[100%] [0mBuilt target process_lidar_node[0m
-- Install configuration: ""
-- Installing: /home/ishaan/Desktop/DebugFInal/install/perception_winter/lib/perception_winter/process_lidar_node
-- Set non-toolchain portion of runtime path of "/home/ishaan/Desktop/DebugFInal/install/perception_winter/lib/perception_winter/process_lidar_node" to ""
-- Installing: /home/ishaan/Desktop/DebugFInal/install/perception_winter/lib/perception_winter/cone_visualizer_node
-- Set non-toolchain portion of runtime path of "/home/ishaan/Desktop/DebugFInal/install/perception_winter/lib/perception_winter/cone_visualizer_node" to ""
-- Installing: /home/ishaan/Desktop/DebugFInal/install/perception_winter/include
-- Installing: /home/ishaan/Desktop/DebugFInal/install/perception_winter/include/perception_winter
-- Installing: /home/ishaan/Desktop/DebugFInal/install/perception_winter/include/perception_winter/process_lidar.hpp
-- Installing: /home/ishaan/Desktop/DebugFInal/install/perception_winter/include/perception_winter/cone_seen_visual_node.hpp
-- Installing: /home/ishaan/Desktop/DebugFInal/install/perception_winter/share/perception_winter/cone_model.onnx
-- Installing: /home/ishaan/Desktop/DebugFInal/install/perception_winter/share/ament_index/resource_index/package_run_dependencies/perception_winter
-- Installing: /home/ishaan/Desktop/DebugFInal/install/perception_winter/share/ament_index/resource_index/parent_prefix_path/perception_winter
-- Installing: /home/ishaan/Desktop/DebugFInal/install/perception_winter/share/perception_winter/environment/ament_prefix_path.sh
-- Installing: /home/ishaan/Desktop/DebugFInal/install/perception_winter/share/perception_winter/environment/ament_prefix_path.dsv
-- Installing: /home/ishaan/Desktop/DebugFInal/install/perception_winter/share/perception_winter/environment/path.sh
-- Installing: /home/ishaan/Desktop/DebugFInal/install/perception_winter/share/perception_winter/environment/path.dsv
-- Installing: /home/ishaan/Desktop/DebugFInal/install/perception_winter/share/perception_winter/local_setup.bash
-- Installing: /home/ishaan/Desktop/DebugFInal/install/perception_winter/share/perception_winter/local_setup.sh
-- Installing: /home/ishaan/Desktop/DebugFInal/install/perception_winter/share/perception_winter/local_setup.zsh
-- Installing: /home/ishaan/Desktop/DebugFInal/install/perception_winter/share/perception_winter/local_setup.dsv
-- Installing: /home/ishaan/Desktop/DebugFInal/install/perception_winter/share/perception_winter/package.dsv
-- Installing: /home/ishaan/Desktop/DebugFInal/install/perception_winter/share/ament_index/resource_index/packages/perception_winter
-- Installing: /home/ishaan/Desktop/DebugFInal/install/perception_winter/share/perception_winter/cmake/perception_winterConfig.cmake
-- Installing: /home/ishaan/Desktop/DebugFInal/install/perception_winter/share/perception_winter/cmake/perception_winterConfig-version.cmake
-- Installing: /home/ishaan/Desktop/DebugFInal/install/perception_winter/share/perception_winter/package.xml
