[0.007s] Invoking command in '/home/ansh/Desktop/DebugFInal/build/perception_winter': CMAKE_PREFIX_PATH=${CMAKE_PREFIX_PATH}:/opt/ros/humble /usr/bin/cmake /home/ansh/Desktop/DebugFInal/src/perception_winter -DCMAKE_INSTALL_PREFIX=/home/ansh/Desktop/DebugFInal/install/perception_winter
[0.054s] -- The C compiler identification is GNU 11.4.0
[0.093s] -- The CXX compiler identification is GNU 11.4.0
[0.099s] -- Detecting C compiler ABI info
[0.151s] -- Detecting C compiler ABI info - done
[0.156s] -- Check for working C compiler: /usr/bin/cc - skipped
[0.156s] -- Detecting C compile features
[0.157s] -- Detecting C compile features - done
[0.159s] -- Detecting CXX compiler ABI info
[0.220s] -- Detecting CXX compiler ABI info - done
[0.225s] -- Check for working CXX compiler: /usr/bin/c++ - skipped
[0.225s] -- Detecting CXX compile features
[0.225s] -- Detecting CXX compile features - done
[0.227s] -- Found ament_cmake: 1.3.12 (/opt/ros/humble/share/ament_cmake/cmake)
[0.344s] -- Found Python3: /usr/bin/python3 (found version "3.10.12") found components: Interpreter 
[0.426s] -- Found rclcpp: 16.0.14 (/opt/ros/humble/share/rclcpp/cmake)
[0.457s] -- Found rosidl_generator_c: 3.1.7 (/opt/ros/humble/share/rosidl_generator_c/cmake)
[0.460s] -- Found rosidl_adapter: 3.1.7 (/opt/ros/humble/share/rosidl_adapter/cmake)
[0.465s] -- Found rosidl_generator_cpp: 3.1.7 (/opt/ros/humble/share/rosidl_generator_cpp/cmake)
[0.472s] -- Using all available rosidl_typesupport_c: rosidl_typesupport_fastrtps_c;rosidl_typesupport_introspection_c
[0.482s] -- Using all available rosidl_typesupport_cpp: rosidl_typesupport_fastrtps_cpp;rosidl_typesupport_introspection_cpp
[0.511s] -- Found rmw_implementation_cmake: 6.1.2 (/opt/ros/humble/share/rmw_implementation_cmake/cmake)
[0.513s] -- Found rmw_fastrtps_cpp: 6.2.8 (/opt/ros/humble/share/rmw_fastrtps_cpp/cmake)
[0.585s] -- Found OpenSSL: /usr/lib/x86_64-linux-gnu/libcrypto.so (found version "3.0.2")  
[0.605s] -- Found FastRTPS: /opt/ros/humble/include  
[0.632s] -- Using RMW implementation 'rmw_fastrtps_cpp' as default
[0.638s] -- Looking for pthread.h
[0.691s] -- Looking for pthread.h - found
[0.691s] -- Performing Test CMAKE_HAVE_LIBC_PTHREAD
[0.745s] -- Performing Test CMAKE_HAVE_LIBC_PTHREAD - Success
[0.746s] -- Found Threads: TRUE  
[0.780s] -- Found sensor_msgs: 4.9.0 (/opt/ros/humble/share/sensor_msgs/cmake)
[0.799s] -- Found visualization_msgs: 4.9.0 (/opt/ros/humble/share/visualization_msgs/cmake)
[0.811s] -- Found pcl_conversions: 2.4.5 (/opt/ros/humble/share/pcl_conversions/cmake)
[0.837s] -- Checking for module 'eigen3'
[0.848s] --   Found eigen3, version 3.4.0
[0.881s] -- Found Eigen: /usr/include/eigen3 (Required is at least version "3.1") 
[0.881s] -- Eigen found (include: /usr/include/eigen3, version: 3.4.0)
[0.905s] -- Checking for module 'flann'
[0.917s] --   Found flann, version 1.9.1
[0.952s] -- Found FLANN: /usr/lib/x86_64-linux-gnu/libflann_cpp.so  
[0.952s] -- FLANN found (include: /usr/include, lib: /usr/lib/x86_64-linux-gnu/libflann_cpp.so)
[1.680s] -- Checking for module 'libusb-1.0'
[1.695s] --   Found libusb-1.0, version 1.0.25
[1.731s] -- Found libusb: /usr/lib/x86_64-linux-gnu/libusb-1.0.so  
[1.731s] -- OpenNI found (version: 1.5.4.0, include: /usr/include/ni, lib: /usr/lib/libOpenNI.so;libusb::libusb)
[1.784s] -- OpenNI2 found (version: 2.2.0.33, include: /usr/include/openni2, lib: /usr/lib/x86_64-linux-gnu/libOpenNI2.so;libusb::libusb)
[1.896s] -- Eigen found (include: /usr/include/eigen3, version: 3.4.0)
[1.900s] -- OpenNI found (version: 1.5.4.0, include: /usr/include/ni, lib: /usr/lib/libOpenNI.so;libusb::libusb)
[1.906s] -- OpenNI2 found (version: 2.2.0.33, include: /usr/include/openni2, lib: /usr/lib/x86_64-linux-gnu/libOpenNI2.so;libusb::libusb)
[2.010s] -- Found Qhull version 8.0.2
[2.109s] -- OpenNI found (version: 1.5.4.0, include: /usr/include/ni, lib: /usr/lib/libOpenNI.so;libusb::libusb)
[2.203s] -- Found PCL_COMMON: /usr/lib/x86_64-linux-gnu/libpcl_common.so  
[2.203s] -- Found PCL_KDTREE: /usr/lib/x86_64-linux-gnu/libpcl_kdtree.so  
[2.204s] -- Found PCL_OCTREE: /usr/lib/x86_64-linux-gnu/libpcl_octree.so  
[2.205s] -- Found PCL_SEARCH: /usr/lib/x86_64-linux-gnu/libpcl_search.so  
[2.205s] -- Found PCL_SAMPLE_CONSENSUS: /usr/lib/x86_64-linux-gnu/libpcl_sample_consensus.so  
[2.206s] -- Found PCL_FILTERS: /usr/lib/x86_64-linux-gnu/libpcl_filters.so  
[2.206s] -- Found PCL_2D: /usr/include/pcl-1.12  
[2.206s] -- Found PCL_GEOMETRY: /usr/include/pcl-1.12  
[2.207s] -- Found PCL_IO: /usr/lib/x86_64-linux-gnu/libpcl_io.so  
[2.207s] -- Found PCL_FEATURES: /usr/lib/x86_64-linux-gnu/libpcl_features.so  
[2.208s] -- Found PCL_ML: /usr/lib/x86_64-linux-gnu/libpcl_ml.so  
[2.209s] -- Found PCL_SEGMENTATION: /usr/lib/x86_64-linux-gnu/libpcl_segmentation.so  
[2.209s] -- Found PCL_VISUALIZATION: /usr/lib/x86_64-linux-gnu/libpcl_visualization.so  
[2.210s] -- Found PCL_SURFACE: /usr/lib/x86_64-linux-gnu/libpcl_surface.so  
[2.210s] -- Found PCL_REGISTRATION: /usr/lib/x86_64-linux-gnu/libpcl_registration.so  
[2.211s] -- Found PCL_KEYPOINTS: /usr/lib/x86_64-linux-gnu/libpcl_keypoints.so  
[2.212s] -- Found PCL_TRACKING: /usr/lib/x86_64-linux-gnu/libpcl_tracking.so  
[2.212s] -- Found PCL_RECOGNITION: /usr/lib/x86_64-linux-gnu/libpcl_recognition.so  
[2.213s] -- Found PCL_STEREO: /usr/lib/x86_64-linux-gnu/libpcl_stereo.so  
[2.213s] -- Found PCL_APPS: /usr/lib/x86_64-linux-gnu/libpcl_apps.so  
[2.214s] -- Found PCL_IN_HAND_SCANNER: /usr/include/pcl-1.12  
[2.214s] -- Found PCL_MODELER: /usr/include/pcl-1.12  
[2.214s] -- Found PCL_POINT_CLOUD_EDITOR: /usr/include/pcl-1.12  
[2.215s] -- Found PCL_OUTOFCORE: /usr/lib/x86_64-linux-gnu/libpcl_outofcore.so  
[2.216s] -- Found PCL_PEOPLE: /usr/lib/x86_64-linux-gnu/libpcl_people.so  
[2.217s] -- Found dv_msgs: 0.0.0 (/home/ansh/IITBDV-msgs/install/dv_msgs/share/dv_msgs/cmake)
[2.235s] -- Found Open3D: /usr/lib/x86_64-linux-gnu/cmake/Open3D/Open3DConfig.cmake (found version "0.14.1") 
[2.235s] [33mCMake Warning (dev) at CMakeLists.txt:23 (find_package):
[2.235s]   Policy CMP0074 is not set: find_package uses <PackageName>_ROOT variables.
[2.235s]   Run "cmake --help-policy CMP0074" for policy details.  Use the cmake_policy
[2.235s]   command to set the policy and suppress this warning.
[2.235s] 
[2.235s]   CMake variable PCL_ROOT is set to:
[2.235s] 
[2.235s]     /usr
[2.235s] 
[2.236s]   For compatibility, CMake is ignoring the variable.
[2.236s] This warning is for project developers.  Use -Wno-dev to suppress it.
[2.236s] [0m
[2.240s] -- Using ONNX Runtime from: /usr/local/onnxruntime-linux-x64-1.17.1
[2.288s] -- Configuring done
[2.312s] -- Generating done
[2.319s] -- Build files have been written to: /home/ansh/Desktop/DebugFInal/build/perception_winter
[2.331s] Invoked command in '/home/ansh/Desktop/DebugFInal/build/perception_winter' returned '0': CMAKE_PREFIX_PATH=${CMAKE_PREFIX_PATH}:/opt/ros/humble /usr/bin/cmake /home/ansh/Desktop/DebugFInal/src/perception_winter -DCMAKE_INSTALL_PREFIX=/home/ansh/Desktop/DebugFInal/install/perception_winter
[2.332s] Invoking command in '/home/ansh/Desktop/DebugFInal/build/perception_winter': CMAKE_PREFIX_PATH=${CMAKE_PREFIX_PATH}:/opt/ros/humble /usr/bin/cmake --build /home/ansh/Desktop/DebugFInal/build/perception_winter -- -j12 -l12
[2.373s] [ 16%] [32mBuilding CXX object CMakeFiles/cone_visualizer_node.dir/src/cone_seen_visual_node.cpp.o[0m
[2.378s] [ 33%] [32mBuilding CXX object CMakeFiles/process_lidar_node.dir/src/main.cpp.o[0m
[2.380s] [ 50%] [32mBuilding CXX object CMakeFiles/cone_visualizer_node.dir/src/main_1.cpp.o[0m
[2.382s] [ 66%] [32mBuilding CXX object CMakeFiles/process_lidar_node.dir/src/process_lidar.cpp.o[0m
[8.823s] [ 83%] [32m[1mLinking CXX executable cone_visualizer_node[0m
[9.125s] [ 83%] Built target cone_visualizer_node
[17.229s] [100%] [32m[1mLinking CXX executable process_lidar_node[0m
[18.599s] [100%] Built target process_lidar_node
[18.610s] Invoked command in '/home/ansh/Desktop/DebugFInal/build/perception_winter' returned '0': CMAKE_PREFIX_PATH=${CMAKE_PREFIX_PATH}:/opt/ros/humble /usr/bin/cmake --build /home/ansh/Desktop/DebugFInal/build/perception_winter -- -j12 -l12
[18.617s] Invoking command in '/home/ansh/Desktop/DebugFInal/build/perception_winter': CMAKE_PREFIX_PATH=${CMAKE_PREFIX_PATH}:/opt/ros/humble /usr/bin/cmake --install /home/ansh/Desktop/DebugFInal/build/perception_winter
[18.623s] -- Install configuration: ""
[18.623s] -- Installing: /home/ansh/Desktop/DebugFInal/install/perception_winter/lib/perception_winter/process_lidar_node
[18.626s] -- Set runtime path of "/home/ansh/Desktop/DebugFInal/install/perception_winter/lib/perception_winter/process_lidar_node" to ""
[18.626s] -- Installing: /home/ansh/Desktop/DebugFInal/install/perception_winter/lib/perception_winter/cone_visualizer_node
[18.628s] -- Set runtime path of "/home/ansh/Desktop/DebugFInal/install/perception_winter/lib/perception_winter/cone_visualizer_node" to ""
[18.628s] -- Installing: /home/ansh/Desktop/DebugFInal/install/perception_winter/include
[18.628s] -- Installing: /home/ansh/Desktop/DebugFInal/install/perception_winter/include/perception_winter
[18.628s] -- Installing: /home/ansh/Desktop/DebugFInal/install/perception_winter/include/perception_winter/cone_seen_visual_node.hpp
[18.628s] -- Installing: /home/ansh/Desktop/DebugFInal/install/perception_winter/include/perception_winter/process_lidar.hpp
[18.628s] [31mCMake Error at cmake_install.cmake:90 (file):
[18.628s]   file INSTALL cannot find
[18.628s]   "/home/ansh/Desktop/DebugFInal/src/perception_winter/launch": No such file
[18.628s]   or directory.
[18.628s] 
[18.628s] [0m
[18.629s] Invoked command in '/home/ansh/Desktop/DebugFInal/build/perception_winter' returned '1': CMAKE_PREFIX_PATH=${CMAKE_PREFIX_PATH}:/opt/ros/humble /usr/bin/cmake --install /home/ansh/Desktop/DebugFInal/build/perception_winter
