[ 50%] [0mBuilt target cone_visualizer_node[0m
[ 66%] [32mBuilding CXX object CMakeFiles/process_lidar_node.dir/src/process_lidar.cpp.o[0m
[ 83%] [1m[32mLinking CXX executable process_lidar_node[0m
[100%] [0mBuilt target process_lidar_node[0m
-- Install configuration: ""
-- Installing: /home/ishaan/Desktop/DebugFInal/install/perception_winter/lib/perception_winter/process_lidar_node
-- Set non-toolchain portion of runtime path of "/home/ishaan/Desktop/DebugFInal/install/perception_winter/lib/perception_winter/process_lidar_node" to ""
-- Up-to-date: /home/ishaan/Desktop/DebugFInal/install/perception_winter/lib/perception_winter/cone_visualizer_node
-- Up-to-date: /home/ishaan/Desktop/DebugFInal/install/perception_winter/include
-- Up-to-date: /home/ishaan/Desktop/DebugFInal/install/perception_winter/include/perception_winter
-- Up-to-date: /home/ishaan/Desktop/DebugFInal/install/perception_winter/include/perception_winter/process_lidar.hpp
-- Up-to-date: /home/ishaan/Desktop/DebugFInal/install/perception_winter/include/perception_winter/cone_seen_visual_node.hpp
-- Up-to-date: /home/ishaan/Desktop/DebugFInal/install/perception_winter/share/perception_winter/cone_model.onnx
-- Up-to-date: /home/ishaan/Desktop/DebugFInal/install/perception_winter/share/ament_index/resource_index/package_run_dependencies/perception_winter
-- Up-to-date: /home/ishaan/Desktop/DebugFInal/install/perception_winter/share/ament_index/resource_index/parent_prefix_path/perception_winter
-- Up-to-date: /home/ishaan/Desktop/DebugFInal/install/perception_winter/share/perception_winter/environment/ament_prefix_path.sh
-- Up-to-date: /home/ishaan/Desktop/DebugFInal/install/perception_winter/share/perception_winter/environment/ament_prefix_path.dsv
-- Up-to-date: /home/ishaan/Desktop/DebugFInal/install/perception_winter/share/perception_winter/environment/path.sh
-- Up-to-date: /home/ishaan/Desktop/DebugFInal/install/perception_winter/share/perception_winter/environment/path.dsv
-- Up-to-date: /home/ishaan/Desktop/DebugFInal/install/perception_winter/share/perception_winter/local_setup.bash
-- Up-to-date: /home/ishaan/Desktop/DebugFInal/install/perception_winter/share/perception_winter/local_setup.sh
-- Up-to-date: /home/ishaan/Desktop/DebugFInal/install/perception_winter/share/perception_winter/local_setup.zsh
-- Up-to-date: /home/ishaan/Desktop/DebugFInal/install/perception_winter/share/perception_winter/local_setup.dsv
-- Installing: /home/ishaan/Desktop/DebugFInal/install/perception_winter/share/perception_winter/package.dsv
-- Up-to-date: /home/ishaan/Desktop/DebugFInal/install/perception_winter/share/ament_index/resource_index/packages/perception_winter
-- Up-to-date: /home/ishaan/Desktop/DebugFInal/install/perception_winter/share/perception_winter/cmake/perception_winterConfig.cmake
-- Up-to-date: /home/ishaan/Desktop/DebugFInal/install/perception_winter/share/perception_winter/cmake/perception_winterConfig-version.cmake
-- Up-to-date: /home/ishaan/Desktop/DebugFInal/install/perception_winter/share/perception_winter/package.xml
