[ 50%] Built target cone_visualizer_node
[100%] Built target process_lidar_node
-- Install configuration: ""
-- Up-to-date: /home/ansh/Desktop/DebugFInal/install/perception_winter/lib/perception_winter/process_lidar_node
-- Up-to-date: /home/ansh/Desktop/DebugFInal/install/perception_winter/lib/perception_winter/cone_visualizer_node
-- Up-to-date: /home/ansh/Desktop/DebugFInal/install/perception_winter/include
-- Up-to-date: /home/ansh/Desktop/DebugFInal/install/perception_winter/include/perception_winter
-- Up-to-date: /home/ansh/Desktop/DebugFInal/install/perception_winter/include/perception_winter/cone_seen_visual_node.hpp
-- Up-to-date: /home/ansh/Desktop/DebugFInal/install/perception_winter/include/perception_winter/process_lidar.hpp
-- Up-to-date: /home/ansh/Desktop/DebugFInal/install/perception_winter/share/perception_winter/cone_model.onnx
-- Up-to-date: /home/ansh/Desktop/DebugFInal/install/perception_winter/share/ament_index/resource_index/package_run_dependencies/perception_winter
-- Up-to-date: /home/ansh/Desktop/DebugFInal/install/perception_winter/share/ament_index/resource_index/parent_prefix_path/perception_winter
-- Up-to-date: /home/ansh/Desktop/DebugFInal/install/perception_winter/share/perception_winter/environment/ament_prefix_path.sh
-- Up-to-date: /home/ansh/Desktop/DebugFInal/install/perception_winter/share/perception_winter/environment/ament_prefix_path.dsv
-- Up-to-date: /home/ansh/Desktop/DebugFInal/install/perception_winter/share/perception_winter/environment/path.sh
-- Up-to-date: /home/ansh/Desktop/DebugFInal/install/perception_winter/share/perception_winter/environment/path.dsv
-- Up-to-date: /home/ansh/Desktop/DebugFInal/install/perception_winter/share/perception_winter/local_setup.bash
-- Up-to-date: /home/ansh/Desktop/DebugFInal/install/perception_winter/share/perception_winter/local_setup.sh
-- Up-to-date: /home/ansh/Desktop/DebugFInal/install/perception_winter/share/perception_winter/local_setup.zsh
-- Up-to-date: /home/ansh/Desktop/DebugFInal/install/perception_winter/share/perception_winter/local_setup.dsv
-- Up-to-date: /home/ansh/Desktop/DebugFInal/install/perception_winter/share/perception_winter/package.dsv
-- Up-to-date: /home/ansh/Desktop/DebugFInal/install/perception_winter/share/ament_index/resource_index/packages/perception_winter
-- Up-to-date: /home/ansh/Desktop/DebugFInal/install/perception_winter/share/perception_winter/cmake/perception_winterConfig.cmake
-- Up-to-date: /home/ansh/Desktop/DebugFInal/install/perception_winter/share/perception_winter/cmake/perception_winterConfig-version.cmake
-- Up-to-date: /home/ansh/Desktop/DebugFInal/install/perception_winter/share/perception_winter/package.xml
