[0.074s] [34mcolcon[0m [1;30mDEBUG[0m [32mCommand line arguments: ['/usr/bin/colcon', 'build'][0m
[0.074s] [34mcolcon[0m [1;30mDEBUG[0m [32mParsed command line arguments: Namespace(log_base=None, log_level=None, verb_name='build', build_base='build', install_base='install', merge_install=False, symlink_install=False, test_result_base=None, continue_on_error=False, executor='parallel', parallel_workers=12, event_handlers=None, ignore_user_meta=False, metas=['./colcon.meta'], base_paths=['.'], packages_ignore=None, packages_ignore_regex=None, paths=None, packages_up_to=None, packages_up_to_regex=None, packages_above=None, packages_above_and_dependencies=None, packages_above_depth=None, packages_select_by_dep=None, packages_skip_by_dep=None, packages_skip_up_to=None, packages_select_build_failed=False, packages_skip_build_finished=False, packages_select_test_failures=False, packages_skip_test_passed=False, packages_select=None, packages_skip=None, packages_select_regex=None, packages_skip_regex=None, packages_start=None, packages_end=None, allow_overriding=[], cmake_args=None, cmake_target=None, cmake_target_skip_unavailable=False, cmake_clean_cache=False, cmake_clean_first=False, cmake_force_configure=False, ament_cmake_args=None, catkin_cmake_args=None, catkin_skip_building_tests=False, mixin_files=None, mixin=None, verb_parser=<colcon_mixin.mixin.mixin_argument.MixinArgumentDecorator object at 0x7920fe9368c0>, verb_extension=<colcon_core.verb.build.BuildVerb object at 0x7920fe9362f0>, main=<bound method BuildVerb.main of <colcon_core.verb.build.BuildVerb object at 0x7920fe9362f0>>, mixin_verb=('build',))[0m
[0.192s] [34mcolcon.colcon_core.package_discovery[0m [1;30mLevel 1[0m discover_packages(colcon_meta) check parameters
[0.192s] [34mcolcon.colcon_core.package_discovery[0m [1;30mLevel 1[0m discover_packages(recursive) check parameters
[0.192s] [34mcolcon.colcon_core.package_discovery[0m [1;30mLevel 1[0m discover_packages(ignore) check parameters
[0.192s] [34mcolcon.colcon_core.package_discovery[0m [1;30mLevel 1[0m discover_packages(path) check parameters
[0.192s] [34mcolcon.colcon_core.package_discovery[0m [1;30mLevel 1[0m discover_packages(colcon_meta) discover
[0.192s] [34mcolcon.colcon_core.package_discovery[0m [1;30mLevel 1[0m discover_packages(recursive) discover
[0.192s] [34mcolcon.colcon_core.package_discovery[0m [1;30mINFO[0m Crawling recursively for packages in '/home/ansh/Desktop/DebugFInal'
[0.192s] [34mcolcon.colcon_core.package_identification[0m [1;30mLevel 1[0m _identify(.) by extensions ['ignore', 'ignore_ament_install']
[0.192s] [34mcolcon.colcon_core.package_identification[0m [1;30mLevel 1[0m _identify(.) by extension 'ignore'
[0.192s] [34mcolcon.colcon_core.package_identification[0m [1;30mLevel 1[0m _identify(.) by extension 'ignore_ament_install'
[0.192s] [34mcolcon.colcon_core.package_identification[0m [1;30mLevel 1[0m _identify(.) by extensions ['colcon_pkg']
[0.192s] [34mcolcon.colcon_core.package_identification[0m [1;30mLevel 1[0m _identify(.) by extension 'colcon_pkg'
[0.192s] [34mcolcon.colcon_core.package_identification[0m [1;30mLevel 1[0m _identify(.) by extensions ['colcon_meta']
[0.192s] [34mcolcon.colcon_core.package_identification[0m [1;30mLevel 1[0m _identify(.) by extension 'colcon_meta'
[0.192s] [34mcolcon.colcon_core.package_identification[0m [1;30mLevel 1[0m _identify(.) by extensions ['ros']
[0.192s] [34mcolcon.colcon_core.package_identification[0m [1;30mLevel 1[0m _identify(.) by extension 'ros'
[0.208s] [34mcolcon.colcon_core.package_identification[0m [1;30mLevel 1[0m _identify(.) by extensions ['cmake', 'python']
[0.208s] [34mcolcon.colcon_core.package_identification[0m [1;30mLevel 1[0m _identify(.) by extension 'cmake'
[0.208s] [34mcolcon.colcon_core.package_identification[0m [1;30mLevel 1[0m _identify(.) by extension 'python'
[0.208s] [34mcolcon.colcon_core.package_identification[0m [1;30mLevel 1[0m _identify(.) by extensions ['python_setup_py']
[0.208s] [34mcolcon.colcon_core.package_identification[0m [1;30mLevel 1[0m _identify(.) by extension 'python_setup_py'
[0.208s] [34mcolcon.colcon_core.package_identification[0m [1;30mLevel 1[0m _identify(build) by extensions ['ignore', 'ignore_ament_install']
[0.208s] [34mcolcon.colcon_core.package_identification[0m [1;30mLevel 1[0m _identify(build) by extension 'ignore'
[0.208s] [34mcolcon.colcon_core.package_identification[0m [1;30mLevel 1[0m _identify(build) ignored
[0.208s] [34mcolcon.colcon_core.package_identification[0m [1;30mLevel 1[0m _identify(install) by extensions ['ignore', 'ignore_ament_install']
[0.208s] [34mcolcon.colcon_core.package_identification[0m [1;30mLevel 1[0m _identify(install) by extension 'ignore'
[0.208s] [34mcolcon.colcon_core.package_identification[0m [1;30mLevel 1[0m _identify(install) ignored
[0.208s] [34mcolcon.colcon_core.package_identification[0m [1;30mLevel 1[0m _identify(log) by extensions ['ignore', 'ignore_ament_install']
[0.209s] [34mcolcon.colcon_core.package_identification[0m [1;30mLevel 1[0m _identify(log) by extension 'ignore'
[0.209s] [34mcolcon.colcon_core.package_identification[0m [1;30mLevel 1[0m _identify(log) ignored
[0.209s] [34mcolcon.colcon_core.package_identification[0m [1;30mLevel 1[0m _identify(src) by extensions ['ignore', 'ignore_ament_install']
[0.209s] [34mcolcon.colcon_core.package_identification[0m [1;30mLevel 1[0m _identify(src) by extension 'ignore'
[0.209s] [34mcolcon.colcon_core.package_identification[0m [1;30mLevel 1[0m _identify(src) by extension 'ignore_ament_install'
[0.209s] [34mcolcon.colcon_core.package_identification[0m [1;30mLevel 1[0m _identify(src) by extensions ['colcon_pkg']
[0.209s] [34mcolcon.colcon_core.package_identification[0m [1;30mLevel 1[0m _identify(src) by extension 'colcon_pkg'
[0.209s] [34mcolcon.colcon_core.package_identification[0m [1;30mLevel 1[0m _identify(src) by extensions ['colcon_meta']
[0.209s] [34mcolcon.colcon_core.package_identification[0m [1;30mLevel 1[0m _identify(src) by extension 'colcon_meta'
[0.209s] [34mcolcon.colcon_core.package_identification[0m [1;30mLevel 1[0m _identify(src) by extensions ['ros']
[0.209s] [34mcolcon.colcon_core.package_identification[0m [1;30mLevel 1[0m _identify(src) by extension 'ros'
[0.209s] [34mcolcon.colcon_core.package_identification[0m [1;30mLevel 1[0m _identify(src) by extensions ['cmake', 'python']
[0.209s] [34mcolcon.colcon_core.package_identification[0m [1;30mLevel 1[0m _identify(src) by extension 'cmake'
[0.209s] [34mcolcon.colcon_core.package_identification[0m [1;30mLevel 1[0m _identify(src) by extension 'python'
[0.209s] [34mcolcon.colcon_core.package_identification[0m [1;30mLevel 1[0m _identify(src) by extensions ['python_setup_py']
[0.209s] [34mcolcon.colcon_core.package_identification[0m [1;30mLevel 1[0m _identify(src) by extension 'python_setup_py'
[0.209s] [34mcolcon.colcon_core.package_identification[0m [1;30mLevel 1[0m _identify(src/perception_winter) by extensions ['ignore', 'ignore_ament_install']
[0.209s] [34mcolcon.colcon_core.package_identification[0m [1;30mLevel 1[0m _identify(src/perception_winter) by extension 'ignore'
[0.209s] [34mcolcon.colcon_core.package_identification[0m [1;30mLevel 1[0m _identify(src/perception_winter) by extension 'ignore_ament_install'
[0.209s] [34mcolcon.colcon_core.package_identification[0m [1;30mLevel 1[0m _identify(src/perception_winter) by extensions ['colcon_pkg']
[0.209s] [34mcolcon.colcon_core.package_identification[0m [1;30mLevel 1[0m _identify(src/perception_winter) by extension 'colcon_pkg'
[0.209s] [34mcolcon.colcon_core.package_identification[0m [1;30mLevel 1[0m _identify(src/perception_winter) by extensions ['colcon_meta']
[0.209s] [34mcolcon.colcon_core.package_identification[0m [1;30mLevel 1[0m _identify(src/perception_winter) by extension 'colcon_meta'
[0.209s] [34mcolcon.colcon_core.package_identification[0m [1;30mLevel 1[0m _identify(src/perception_winter) by extensions ['ros']
[0.209s] [34mcolcon.colcon_core.package_identification[0m [1;30mLevel 1[0m _identify(src/perception_winter) by extension 'ros'
[0.211s] [34mcolcon.colcon_core.package_identification[0m [1;30mDEBUG[0m [32mPackage 'src/perception_winter' with type 'ros.ament_cmake' and name 'perception_winter'[0m
[0.211s] [34mcolcon.colcon_core.package_discovery[0m [1;30mLevel 1[0m discover_packages(recursive) using defaults
[0.211s] [34mcolcon.colcon_core.package_discovery[0m [1;30mLevel 1[0m discover_packages(ignore) discover
[0.211s] [34mcolcon.colcon_core.package_discovery[0m [1;30mLevel 1[0m discover_packages(ignore) using defaults
[0.211s] [34mcolcon.colcon_core.package_discovery[0m [1;30mLevel 1[0m discover_packages(path) discover
[0.211s] [34mcolcon.colcon_core.package_discovery[0m [1;30mLevel 1[0m discover_packages(path) using defaults
[0.223s] [34mcolcon.colcon_core.package_discovery[0m [1;30mLevel 1[0m discover_packages(prefix_path) check parameters
[0.223s] [34mcolcon.colcon_core.package_discovery[0m [1;30mLevel 1[0m discover_packages(prefix_path) discover
[0.225s] [34mcolcon.colcon_ros.prefix_path.catkin[0m [1;30mWARNING[0m [33mThe path '/home/ansh/onnxruntime-linux-x64-1.17.1' in the environment variable CMAKE_PREFIX_PATH doesn't exist[0m
[0.226s] [34mcolcon.colcon_installed_package_information.package_discovery[0m [1;30mDEBUG[0m [32mFound 1 installed packages in /home/ansh/Desktop/DebugFInal/install[0m
[0.227s] [34mcolcon.colcon_installed_package_information.package_discovery[0m [1;30mDEBUG[0m [32mFound 4 installed packages in /home/ansh/IITBDV-msgs/install[0m
[0.228s] [34mcolcon.colcon_installed_package_information.package_discovery[0m [1;30mDEBUG[0m [32mFound 333 installed packages in /opt/ros/humble[0m
[0.229s] [34mcolcon.colcon_core.package_discovery[0m [1;30mLevel 1[0m discover_packages(prefix_path) using defaults
[0.253s] [34mcolcon.colcon_core.verb[0m [1;30mLevel 5[0m set package 'perception_winter' build argument 'cmake_args' from command line to 'None'
[0.254s] [34mcolcon.colcon_core.verb[0m [1;30mLevel 5[0m set package 'perception_winter' build argument 'cmake_target' from command line to 'None'
[0.254s] [34mcolcon.colcon_core.verb[0m [1;30mLevel 5[0m set package 'perception_winter' build argument 'cmake_target_skip_unavailable' from command line to 'False'
[0.254s] [34mcolcon.colcon_core.verb[0m [1;30mLevel 5[0m set package 'perception_winter' build argument 'cmake_clean_cache' from command line to 'False'
[0.254s] [34mcolcon.colcon_core.verb[0m [1;30mLevel 5[0m set package 'perception_winter' build argument 'cmake_clean_first' from command line to 'False'
[0.254s] [34mcolcon.colcon_core.verb[0m [1;30mLevel 5[0m set package 'perception_winter' build argument 'cmake_force_configure' from command line to 'False'
[0.254s] [34mcolcon.colcon_core.verb[0m [1;30mLevel 5[0m set package 'perception_winter' build argument 'ament_cmake_args' from command line to 'None'
[0.254s] [34mcolcon.colcon_core.verb[0m [1;30mLevel 5[0m set package 'perception_winter' build argument 'catkin_cmake_args' from command line to 'None'
[0.254s] [34mcolcon.colcon_core.verb[0m [1;30mLevel 5[0m set package 'perception_winter' build argument 'catkin_skip_building_tests' from command line to 'False'
[0.254s] [34mcolcon.colcon_core.verb[0m [1;30mDEBUG[0m [32mBuilding package 'perception_winter' with the following arguments: {'ament_cmake_args': None, 'build_base': '/home/ansh/Desktop/DebugFInal/build/perception_winter', 'catkin_cmake_args': None, 'catkin_skip_building_tests': False, 'cmake_args': None, 'cmake_clean_cache': False, 'cmake_clean_first': False, 'cmake_force_configure': False, 'cmake_target': None, 'cmake_target_skip_unavailable': False, 'install_base': '/home/ansh/Desktop/DebugFInal/install/perception_winter', 'merge_install': False, 'path': '/home/ansh/Desktop/DebugFInal/src/perception_winter', 'symlink_install': False, 'test_result_base': None}[0m
[0.254s] [34mcolcon.colcon_core.executor[0m [1;30mINFO[0m Executing jobs using 'parallel' executor
[0.255s] [34mcolcon.colcon_parallel_executor.executor.parallel[0m [1;30mDEBUG[0m [32mrun_until_complete[0m
[0.255s] [34mcolcon.colcon_ros.task.ament_cmake.build[0m [1;30mINFO[0m Building ROS package in '/home/ansh/Desktop/DebugFInal/src/perception_winter' with build type 'ament_cmake'
[0.255s] [34mcolcon.colcon_cmake.task.cmake.build[0m [1;30mINFO[0m Building CMake package in '/home/ansh/Desktop/DebugFInal/src/perception_winter'
[0.256s] [34mcolcon.colcon_core.plugin_system[0m [1;30mINFO[0m Skipping extension 'colcon_core.shell.bat': Not used on non-Windows systems
[0.256s] [34mcolcon.colcon_core.shell[0m [1;30mINFO[0m Skip shell extension 'powershell' for command environment: Not usable outside of PowerShell
[0.256s] [34mcolcon.colcon_core.shell[0m [1;30mDEBUG[0m [32mSkip shell extension 'dsv' for command environment[0m
[0.264s] [34mcolcon.colcon_core.event_handler.log_command[0m [1;30mDEBUG[0m [32mInvoking command in '/home/ansh/Desktop/DebugFInal/build/perception_winter': CMAKE_PREFIX_PATH=${CMAKE_PREFIX_PATH}:/opt/ros/humble /usr/bin/cmake --build /home/ansh/Desktop/DebugFInal/build/perception_winter -- -j12 -l12[0m
[16.966s] [34mcolcon.colcon_core.event_handler.log_command[0m [1;30mDEBUG[0m [32mInvoked command in '/home/ansh/Desktop/DebugFInal/build/perception_winter' returned '0': CMAKE_PREFIX_PATH=${CMAKE_PREFIX_PATH}:/opt/ros/humble /usr/bin/cmake --build /home/ansh/Desktop/DebugFInal/build/perception_winter -- -j12 -l12[0m
[16.974s] [34mcolcon.colcon_core.event_handler.log_command[0m [1;30mDEBUG[0m [32mInvoking command in '/home/ansh/Desktop/DebugFInal/build/perception_winter': CMAKE_PREFIX_PATH=${CMAKE_PREFIX_PATH}:/opt/ros/humble /usr/bin/cmake --install /home/ansh/Desktop/DebugFInal/build/perception_winter[0m
[16.987s] [34mcolcon.colcon_core.environment[0m [1;30mLevel 1[0m create_environment_scripts_only(perception_winter)
[16.988s] [34mcolcon.colcon_core.event_handler.log_command[0m [1;30mDEBUG[0m [32mInvoked command in '/home/ansh/Desktop/DebugFInal/build/perception_winter' returned '0': CMAKE_PREFIX_PATH=${CMAKE_PREFIX_PATH}:/opt/ros/humble /usr/bin/cmake --install /home/ansh/Desktop/DebugFInal/build/perception_winter[0m
[16.989s] [34mcolcon.colcon_core.environment[0m [1;30mLevel 1[0m checking '/home/ansh/Desktop/DebugFInal/install/perception_winter' for CMake module files
[16.989s] [34mcolcon.colcon_core.environment[0m [1;30mLevel 1[0m checking '/home/ansh/Desktop/DebugFInal/install/perception_winter' for CMake config files
[16.989s] [34mcolcon.colcon_core.shell[0m [1;30mLevel 1[0m create_environment_hook('perception_winter', 'cmake_prefix_path')
[16.990s] [34mcolcon.colcon_core.shell[0m [1;30mINFO[0m Creating environment hook '/home/ansh/Desktop/DebugFInal/install/perception_winter/share/perception_winter/hook/cmake_prefix_path.ps1'
[16.990s] [34mcolcon.colcon_core.shell[0m [1;30mINFO[0m Creating environment descriptor '/home/ansh/Desktop/DebugFInal/install/perception_winter/share/perception_winter/hook/cmake_prefix_path.dsv'
[16.990s] [34mcolcon.colcon_core.shell[0m [1;30mINFO[0m Creating environment hook '/home/ansh/Desktop/DebugFInal/install/perception_winter/share/perception_winter/hook/cmake_prefix_path.sh'
[16.991s] [34mcolcon.colcon_core.environment[0m [1;30mLevel 1[0m checking '/home/ansh/Desktop/DebugFInal/install/perception_winter/lib'
[16.991s] [34mcolcon.colcon_core.environment[0m [1;30mLevel 1[0m checking '/home/ansh/Desktop/DebugFInal/install/perception_winter/bin'
[16.991s] [34mcolcon.colcon_core.environment[0m [1;30mLevel 1[0m checking '/home/ansh/Desktop/DebugFInal/install/perception_winter/lib/pkgconfig/perception_winter.pc'
[16.991s] [34mcolcon.colcon_core.environment[0m [1;30mLevel 1[0m checking '/home/ansh/Desktop/DebugFInal/install/perception_winter/lib/python3.10/site-packages'
[16.991s] [34mcolcon.colcon_core.environment[0m [1;30mLevel 1[0m checking '/home/ansh/Desktop/DebugFInal/install/perception_winter/bin'
[16.991s] [34mcolcon.colcon_core.shell[0m [1;30mINFO[0m Creating package script '/home/ansh/Desktop/DebugFInal/install/perception_winter/share/perception_winter/package.ps1'
[16.992s] [34mcolcon.colcon_core.shell[0m [1;30mINFO[0m Creating package descriptor '/home/ansh/Desktop/DebugFInal/install/perception_winter/share/perception_winter/package.dsv'
[16.992s] [34mcolcon.colcon_core.shell[0m [1;30mINFO[0m Creating package script '/home/ansh/Desktop/DebugFInal/install/perception_winter/share/perception_winter/package.sh'
[16.992s] [34mcolcon.colcon_core.shell[0m [1;30mINFO[0m Creating package script '/home/ansh/Desktop/DebugFInal/install/perception_winter/share/perception_winter/package.bash'
[16.993s] [34mcolcon.colcon_core.shell[0m [1;30mINFO[0m Creating package script '/home/ansh/Desktop/DebugFInal/install/perception_winter/share/perception_winter/package.zsh'
[17.001s] [34mcolcon.colcon_core.environment[0m [1;30mLevel 1[0m create_file_with_runtime_dependencies(/home/ansh/Desktop/DebugFInal/install/perception_winter/share/colcon-core/packages/perception_winter)
[17.001s] [34mcolcon.colcon_core.environment[0m [1;30mLevel 1[0m create_environment_scripts_only(perception_winter)
[17.001s] [34mcolcon.colcon_core.environment[0m [1;30mLevel 1[0m checking '/home/ansh/Desktop/DebugFInal/install/perception_winter' for CMake module files
[17.002s] [34mcolcon.colcon_core.environment[0m [1;30mLevel 1[0m checking '/home/ansh/Desktop/DebugFInal/install/perception_winter' for CMake config files
[17.002s] [34mcolcon.colcon_core.shell[0m [1;30mLevel 1[0m create_environment_hook('perception_winter', 'cmake_prefix_path')
[17.002s] [34mcolcon.colcon_core.shell[0m [1;30mINFO[0m Creating environment hook '/home/ansh/Desktop/DebugFInal/install/perception_winter/share/perception_winter/hook/cmake_prefix_path.ps1'
[17.002s] [34mcolcon.colcon_core.shell[0m [1;30mINFO[0m Creating environment descriptor '/home/ansh/Desktop/DebugFInal/install/perception_winter/share/perception_winter/hook/cmake_prefix_path.dsv'
[17.002s] [34mcolcon.colcon_core.shell[0m [1;30mINFO[0m Creating environment hook '/home/ansh/Desktop/DebugFInal/install/perception_winter/share/perception_winter/hook/cmake_prefix_path.sh'
[17.003s] [34mcolcon.colcon_core.environment[0m [1;30mLevel 1[0m checking '/home/ansh/Desktop/DebugFInal/install/perception_winter/lib'
[17.003s] [34mcolcon.colcon_core.environment[0m [1;30mLevel 1[0m checking '/home/ansh/Desktop/DebugFInal/install/perception_winter/bin'
[17.003s] [34mcolcon.colcon_core.environment[0m [1;30mLevel 1[0m checking '/home/ansh/Desktop/DebugFInal/install/perception_winter/lib/pkgconfig/perception_winter.pc'
[17.003s] [34mcolcon.colcon_core.environment[0m [1;30mLevel 1[0m checking '/home/ansh/Desktop/DebugFInal/install/perception_winter/lib/python3.10/site-packages'
[17.003s] [34mcolcon.colcon_core.environment[0m [1;30mLevel 1[0m checking '/home/ansh/Desktop/DebugFInal/install/perception_winter/bin'
[17.003s] [34mcolcon.colcon_core.shell[0m [1;30mINFO[0m Creating package script '/home/ansh/Desktop/DebugFInal/install/perception_winter/share/perception_winter/package.ps1'
[17.004s] [34mcolcon.colcon_core.shell[0m [1;30mINFO[0m Creating package descriptor '/home/ansh/Desktop/DebugFInal/install/perception_winter/share/perception_winter/package.dsv'
[17.004s] [34mcolcon.colcon_core.shell[0m [1;30mINFO[0m Creating package script '/home/ansh/Desktop/DebugFInal/install/perception_winter/share/perception_winter/package.sh'
[17.004s] [34mcolcon.colcon_core.shell[0m [1;30mINFO[0m Creating package script '/home/ansh/Desktop/DebugFInal/install/perception_winter/share/perception_winter/package.bash'
[17.004s] [34mcolcon.colcon_core.shell[0m [1;30mINFO[0m Creating package script '/home/ansh/Desktop/DebugFInal/install/perception_winter/share/perception_winter/package.zsh'
[17.004s] [34mcolcon.colcon_core.environment[0m [1;30mLevel 1[0m create_file_with_runtime_dependencies(/home/ansh/Desktop/DebugFInal/install/perception_winter/share/colcon-core/packages/perception_winter)
[17.005s] [34mcolcon.colcon_parallel_executor.executor.parallel[0m [1;30mDEBUG[0m [32mclosing loop[0m
[17.005s] [34mcolcon.colcon_parallel_executor.executor.parallel[0m [1;30mDEBUG[0m [32mloop closed[0m
[17.005s] [34mcolcon.colcon_parallel_executor.executor.parallel[0m [1;30mDEBUG[0m [32mrun_until_complete finished with '0'[0m
[17.005s] [34mcolcon.colcon_core.event_reactor[0m [1;30mDEBUG[0m [32mjoining thread[0m
[17.008s] [34mcolcon.colcon_core.plugin_system[0m [1;30mINFO[0m Skipping extension 'colcon_notification.desktop_notification.terminal_notifier': Not used on non-Darwin systems
[17.008s] [34mcolcon.colcon_core.plugin_system[0m [1;30mINFO[0m Skipping extension 'colcon_notification.desktop_notification.win32': Not used on non-Windows systems
[17.008s] [34mcolcon.colcon_notification.desktop_notification[0m [1;30mINFO[0m Sending desktop notification using 'notify2'
[17.013s] [34mcolcon.colcon_core.event_reactor[0m [1;30mDEBUG[0m [32mjoined thread[0m
[17.013s] [34mcolcon.colcon_core.shell[0m [1;30mINFO[0m Creating prefix script '/home/ansh/Desktop/DebugFInal/install/local_setup.ps1'
[17.014s] [34mcolcon.colcon_core.shell[0m [1;30mINFO[0m Creating prefix util module '/home/ansh/Desktop/DebugFInal/install/_local_setup_util_ps1.py'
[17.015s] [34mcolcon.colcon_core.shell[0m [1;30mINFO[0m Creating prefix chain script '/home/ansh/Desktop/DebugFInal/install/setup.ps1'
[17.015s] [34mcolcon.colcon_core.shell[0m [1;30mINFO[0m Creating prefix script '/home/ansh/Desktop/DebugFInal/install/local_setup.sh'
[17.016s] [34mcolcon.colcon_core.shell[0m [1;30mINFO[0m Creating prefix util module '/home/ansh/Desktop/DebugFInal/install/_local_setup_util_sh.py'
[17.016s] [34mcolcon.colcon_core.shell[0m [1;30mINFO[0m Creating prefix chain script '/home/ansh/Desktop/DebugFInal/install/setup.sh'
[17.016s] [34mcolcon.colcon_core.shell[0m [1;30mINFO[0m Creating prefix script '/home/ansh/Desktop/DebugFInal/install/local_setup.bash'
[17.017s] [34mcolcon.colcon_core.shell[0m [1;30mINFO[0m Creating prefix chain script '/home/ansh/Desktop/DebugFInal/install/setup.bash'
[17.017s] [34mcolcon.colcon_core.shell[0m [1;30mINFO[0m Creating prefix script '/home/ansh/Desktop/DebugFInal/install/local_setup.zsh'
[17.018s] [34mcolcon.colcon_core.shell[0m [1;30mINFO[0m Creating prefix chain script '/home/ansh/Desktop/DebugFInal/install/setup.zsh'
