[0.007s] Invoking command in '/home/ansh/Desktop/DebugFInal/build/perception_winter': CMAKE_PREFIX_PATH=${CMAKE_PREFIX_PATH}:/opt/ros/humble /usr/bin/cmake --build /home/ansh/Desktop/DebugFInal/build/perception_winter -- -j12 -l12
[0.027s] -- Found ament_cmake: 1.3.12 (/opt/ros/humble/share/ament_cmake/cmake)
[0.115s] -- Found rclcpp: 16.0.14 (/opt/ros/humble/share/rclcpp/cmake)
[0.132s] -- Found rosidl_generator_c: 3.1.7 (/opt/ros/humble/share/rosidl_generator_c/cmake)
[0.133s] -- Found rosidl_adapter: 3.1.7 (/opt/ros/humble/share/rosidl_adapter/cmake)
[0.136s] -- Found rosidl_generator_cpp: 3.1.7 (/opt/ros/humble/share/rosidl_generator_cpp/cmake)
[0.142s] -- Using all available rosidl_typesupport_c: rosidl_typesupport_fastrtps_c;rosidl_typesupport_introspection_c
[0.148s] -- Using all available rosidl_typesupport_cpp: rosidl_typesupport_fastrtps_cpp;rosidl_typesupport_introspection_cpp
[0.167s] -- Found rmw_implementation_cmake: 6.1.2 (/opt/ros/humble/share/rmw_implementation_cmake/cmake)
[0.168s] -- Found rmw_fastrtps_cpp: 6.2.8 (/opt/ros/humble/share/rmw_fastrtps_cpp/cmake)
[0.244s] -- Using RMW implementation 'rmw_fastrtps_cpp' as default
[0.272s] -- Found sensor_msgs: 4.9.0 (/opt/ros/humble/share/sensor_msgs/cmake)
[0.288s] -- Found visualization_msgs: 4.9.0 (/opt/ros/humble/share/visualization_msgs/cmake)
[0.298s] -- Found pcl_conversions: 2.4.5 (/opt/ros/humble/share/pcl_conversions/cmake)
[0.320s] -- Eigen found (include: /usr/include/eigen3, version: 3.4.0)
[0.340s] -- FLANN found (include: /usr/include, lib: /usr/lib/x86_64-linux-gnu/libflann_cpp.so)
[0.542s] -- OpenNI found (version: 1.5.4.0, include: /usr/include/ni, lib: /usr/lib/libOpenNI.so;libusb::libusb)
[0.548s] -- OpenNI2 found (version: 2.2.0.33, include: /usr/include/openni2, lib: /usr/lib/x86_64-linux-gnu/libOpenNI2.so;libusb::libusb)
[0.648s] -- Eigen found (include: /usr/include/eigen3, version: 3.4.0)
[0.654s] -- OpenNI found (version: 1.5.4.0, include: /usr/include/ni, lib: /usr/lib/libOpenNI.so;libusb::libusb)
[0.660s] -- OpenNI2 found (version: 2.2.0.33, include: /usr/include/openni2, lib: /usr/lib/x86_64-linux-gnu/libOpenNI2.so;libusb::libusb)
[0.753s] -- Found Qhull version 8.0.2
[0.846s] -- OpenNI found (version: 1.5.4.0, include: /usr/include/ni, lib: /usr/lib/libOpenNI.so;libusb::libusb)
[0.943s] -- Found dv_msgs: 0.0.0 (/home/ansh/IITBDV-msgs/install/dv_msgs/share/dv_msgs/cmake)
[0.955s] [33mCMake Warning (dev) at CMakeLists.txt:23 (find_package):
[0.955s]   Policy CMP0074 is not set: find_package uses <PackageName>_ROOT variables.
[0.955s]   Run "cmake --help-policy CMP0074" for policy details.  Use the cmake_policy
[0.955s]   command to set the policy and suppress this warning.
[0.955s] 
[0.955s]   CMake variable PCL_ROOT is set to:
[0.955s] 
[0.955s]     /usr
[0.955s] 
[0.955s]   For compatibility, CMake is ignoring the variable.
[0.956s] This warning is for project developers.  Use -Wno-dev to suppress it.
[0.956s] [0m
[0.961s] -- Using ONNX Runtime from: /usr/local/onnxruntime-linux-x64-1.17.1
[1.013s] -- Configuring done
[1.032s] -- Generating done
[1.038s] -- Build files have been written to: /home/ansh/Desktop/DebugFInal/build/perception_winter
[1.063s] [35m[1mConsolidate compiler generated dependencies of target cone_visualizer_node[0m
[1.064s] [35m[1mConsolidate compiler generated dependencies of target process_lidar_node[0m
[1.078s] [ 50%] Built target cone_visualizer_node
[1.083s] [100%] Built target process_lidar_node
[1.092s] Invoked command in '/home/ansh/Desktop/DebugFInal/build/perception_winter' returned '0': CMAKE_PREFIX_PATH=${CMAKE_PREFIX_PATH}:/opt/ros/humble /usr/bin/cmake --build /home/ansh/Desktop/DebugFInal/build/perception_winter -- -j12 -l12
[1.099s] Invoking command in '/home/ansh/Desktop/DebugFInal/build/perception_winter': CMAKE_PREFIX_PATH=${CMAKE_PREFIX_PATH}:/opt/ros/humble /usr/bin/cmake --install /home/ansh/Desktop/DebugFInal/build/perception_winter
[1.104s] -- Install configuration: ""
[1.104s] -- Up-to-date: /home/ansh/Desktop/DebugFInal/install/perception_winter/lib/perception_winter/process_lidar_node
[1.104s] -- Up-to-date: /home/ansh/Desktop/DebugFInal/install/perception_winter/lib/perception_winter/cone_visualizer_node
[1.104s] -- Up-to-date: /home/ansh/Desktop/DebugFInal/install/perception_winter/include
[1.104s] -- Up-to-date: /home/ansh/Desktop/DebugFInal/install/perception_winter/include/perception_winter
[1.104s] -- Up-to-date: /home/ansh/Desktop/DebugFInal/install/perception_winter/include/perception_winter/cone_seen_visual_node.hpp
[1.104s] -- Up-to-date: /home/ansh/Desktop/DebugFInal/install/perception_winter/include/perception_winter/process_lidar.hpp
[1.104s] -- Installing: /home/ansh/Desktop/DebugFInal/install/perception_winter/share/perception_winter/cone_model.onnx
[1.104s] -- Installing: /home/ansh/Desktop/DebugFInal/install/perception_winter/share/ament_index/resource_index/package_run_dependencies/perception_winter
[1.104s] -- Installing: /home/ansh/Desktop/DebugFInal/install/perception_winter/share/ament_index/resource_index/parent_prefix_path/perception_winter
[1.104s] -- Installing: /home/ansh/Desktop/DebugFInal/install/perception_winter/share/perception_winter/environment/ament_prefix_path.sh
[1.104s] -- Installing: /home/ansh/Desktop/DebugFInal/install/perception_winter/share/perception_winter/environment/ament_prefix_path.dsv
[1.104s] -- Installing: /home/ansh/Desktop/DebugFInal/install/perception_winter/share/perception_winter/environment/path.sh
[1.104s] -- Installing: /home/ansh/Desktop/DebugFInal/install/perception_winter/share/perception_winter/environment/path.dsv
[1.104s] -- Installing: /home/ansh/Desktop/DebugFInal/install/perception_winter/share/perception_winter/local_setup.bash
[1.104s] -- Installing: /home/ansh/Desktop/DebugFInal/install/perception_winter/share/perception_winter/local_setup.sh
[1.104s] -- Installing: /home/ansh/Desktop/DebugFInal/install/perception_winter/share/perception_winter/local_setup.zsh
[1.104s] -- Installing: /home/ansh/Desktop/DebugFInal/install/perception_winter/share/perception_winter/local_setup.dsv
[1.104s] -- Installing: /home/ansh/Desktop/DebugFInal/install/perception_winter/share/perception_winter/package.dsv
[1.104s] -- Installing: /home/ansh/Desktop/DebugFInal/install/perception_winter/share/ament_index/resource_index/packages/perception_winter
[1.104s] -- Installing: /home/ansh/Desktop/DebugFInal/install/perception_winter/share/perception_winter/cmake/perception_winterConfig.cmake
[1.105s] -- Installing: /home/ansh/Desktop/DebugFInal/install/perception_winter/share/perception_winter/cmake/perception_winterConfig-version.cmake
[1.105s] -- Installing: /home/ansh/Desktop/DebugFInal/install/perception_winter/share/perception_winter/package.xml
[1.106s] Invoked command in '/home/ansh/Desktop/DebugFInal/build/perception_winter' returned '0': CMAKE_PREFIX_PATH=${CMAKE_PREFIX_PATH}:/opt/ros/humble /usr/bin/cmake --install /home/ansh/Desktop/DebugFInal/build/perception_winter
