[0.009s] Invoking command in '/home/ansh/Desktop/DebugFInal/build/perception_winter': CMAKE_PREFIX_PATH=${CMAKE_PREFIX_PATH}:/opt/ros/humble /usr/bin/cmake --build /home/ansh/Desktop/DebugFInal/build/perception_winter -- -j12 -l12
[0.047s] [35m[1mConsolidate compiler generated dependencies of target process_lidar_node[0m
[0.055s] [ 50%] Built target cone_visualizer_node
[0.067s] [ 66%] [32mBuilding CXX object CMakeFiles/process_lidar_node.dir/src/process_lidar.cpp.o[0m
[14.846s] [ 83%] [32m[1mLinking CXX executable process_lidar_node[0m
[16.440s] [100%] Built target process_lidar_node
[16.449s] Invoked command in '/home/ansh/Desktop/DebugFInal/build/perception_winter' returned '0': CMAKE_PREFIX_PATH=${CMAKE_PREFIX_PATH}:/opt/ros/humble /usr/bin/cmake --build /home/ansh/Desktop/DebugFInal/build/perception_winter -- -j12 -l12
[16.460s] Invoking command in '/home/ansh/Desktop/DebugFInal/build/perception_winter': CMAKE_PREFIX_PATH=${CMAKE_PREFIX_PATH}:/opt/ros/humble /usr/bin/cmake --install /home/ansh/Desktop/DebugFInal/build/perception_winter
[16.466s] -- Install configuration: ""
[16.466s] -- Installing: /home/ansh/Desktop/DebugFInal/install/perception_winter/lib/perception_winter/process_lidar_node
[16.474s] -- Set runtime path of "/home/ansh/Desktop/DebugFInal/install/perception_winter/lib/perception_winter/process_lidar_node" to ""
[16.474s] -- Up-to-date: /home/ansh/Desktop/DebugFInal/install/perception_winter/lib/perception_winter/cone_visualizer_node
[16.474s] -- Up-to-date: /home/ansh/Desktop/DebugFInal/install/perception_winter/include
[16.474s] -- Up-to-date: /home/ansh/Desktop/DebugFInal/install/perception_winter/include/perception_winter
[16.474s] -- Up-to-date: /home/ansh/Desktop/DebugFInal/install/perception_winter/include/perception_winter/cone_seen_visual_node.hpp
[16.475s] -- Up-to-date: /home/ansh/Desktop/DebugFInal/install/perception_winter/include/perception_winter/process_lidar.hpp
[16.475s] -- Up-to-date: /home/ansh/Desktop/DebugFInal/install/perception_winter/share/perception_winter/cone_model.onnx
[16.475s] -- Up-to-date: /home/ansh/Desktop/DebugFInal/install/perception_winter/share/ament_index/resource_index/package_run_dependencies/perception_winter
[16.475s] -- Up-to-date: /home/ansh/Desktop/DebugFInal/install/perception_winter/share/ament_index/resource_index/parent_prefix_path/perception_winter
[16.475s] -- Up-to-date: /home/ansh/Desktop/DebugFInal/install/perception_winter/share/perception_winter/environment/ament_prefix_path.sh
[16.475s] -- Up-to-date: /home/ansh/Desktop/DebugFInal/install/perception_winter/share/perception_winter/environment/ament_prefix_path.dsv
[16.475s] -- Up-to-date: /home/ansh/Desktop/DebugFInal/install/perception_winter/share/perception_winter/environment/path.sh
[16.475s] -- Up-to-date: /home/ansh/Desktop/DebugFInal/install/perception_winter/share/perception_winter/environment/path.dsv
[16.475s] -- Up-to-date: /home/ansh/Desktop/DebugFInal/install/perception_winter/share/perception_winter/local_setup.bash
[16.476s] -- Up-to-date: /home/ansh/Desktop/DebugFInal/install/perception_winter/share/perception_winter/local_setup.sh
[16.476s] -- Up-to-date: /home/ansh/Desktop/DebugFInal/install/perception_winter/share/perception_winter/local_setup.zsh
[16.476s] -- Up-to-date: /home/ansh/Desktop/DebugFInal/install/perception_winter/share/perception_winter/local_setup.dsv
[16.477s] -- Installing: /home/ansh/Desktop/DebugFInal/install/perception_winter/share/perception_winter/package.dsv
[16.477s] -- Up-to-date: /home/ansh/Desktop/DebugFInal/install/perception_winter/share/ament_index/resource_index/packages/perception_winter
[16.477s] -- Up-to-date: /home/ansh/Desktop/DebugFInal/install/perception_winter/share/perception_winter/cmake/perception_winterConfig.cmake
[16.477s] -- Up-to-date: /home/ansh/Desktop/DebugFInal/install/perception_winter/share/perception_winter/cmake/perception_winterConfig-version.cmake
[16.477s] -- Up-to-date: /home/ansh/Desktop/DebugFInal/install/perception_winter/share/perception_winter/package.xml
[16.477s] Invoked command in '/home/ansh/Desktop/DebugFInal/build/perception_winter' returned '0': CMAKE_PREFIX_PATH=${CMAKE_PREFIX_PATH}:/opt/ros/humble /usr/bin/cmake --install /home/ansh/Desktop/DebugFInal/build/perception_winter
